  $ ../../../../../../../install/default/bin/stanc --auto-format bones.stan
/**
* Bones: latent trait model for multiple ordered 
* categorical responses 
* http://www.openbugs.net/Examples/Bones.html
*
*
* Note: 
* 1. Since it is just the response that is 
*    modelled as categorical distribution,
*    we should be able to run the model now except handling 
*    the missing. However, the data structure is a bit 
*    difficult to deal with (Allowing some redundancy 
*    in the transformed parameters (Q here), the model
*    is fine in Stan. 
* 2. The missing data is recoded as `-1`, which is 
*    not modeled for `gamma` as in the OpenBUGS example
*    and not modeled for `grade`. 
*/
data {
  int<lower=0> nChild;
  int<lower=0> nInd;
  real gamma[nInd, 4];
  // -1 if missing
  real delta[nInd];
  int<lower=0> ncat[nInd];
  int grade[nChild, nInd];
  // -1 if missing
}
parameters {
  real theta[nChild];
}
model {
  real p[nChild, nInd, 5];
  real Q[nChild, nInd, 4];
  theta ~ normal(0.0, 36);
  for (i in 1 : nChild) {
    // Probability of observing grade k given theta
    for (j in 1 : nInd) {
      // Cumulative probability of > grade k given theta
      for (k in 1 : (ncat[j] - 1)) 
        Q[i, j, k] <- inv_logit(delta[j] * (theta[i] - gamma[j, k]));
      p[i, j, 1] <- 1 - Q[i, j, 1];
      for (k in 2 : (ncat[j] - 1)) 
        p[i, j, k] <- Q[i, j, k - 1] - Q[i, j, k];
      p[i, j, ncat[j]] <- Q[i, j, ncat[j] - 1];
      // incement log probability directly because grade[i, j]
      // has categorical distribution with varying dimension.
      // for missing grade[i, j] = -1, there is no log prob
      // contribution
      if (grade[i, j] != -1) 
        increment_log_prob(log(p[i, j, grade[i, j]]));
    }
  }
}


Warning: deprecated language construct used in 'bones.stan', line 40, column 20:
   -------------------------------------------------
    38:        // Cumulative probability of > grade k given theta
    39:        for (k in 1:(ncat[j] - 1))
    40:          Q[i, j, k] <- inv_logit(delta[j] * (theta[i] - gamma[j, k])); 
                             ^
    41:        p[i, j, 1] <- 1 - Q[i, j, 1];
    42:        for (k in 2:(ncat[j] - 1))  
   -------------------------------------------------

assignment operator <- is deprecated in the Stan language; use = instead.


Warning: deprecated language construct used in 'bones.stan', line 41, column 18:
   -------------------------------------------------
    39:        for (k in 1:(ncat[j] - 1))
    40:          Q[i, j, k] <- inv_logit(delta[j] * (theta[i] - gamma[j, k])); 
    41:        p[i, j, 1] <- 1 - Q[i, j, 1];
                           ^
    42:        for (k in 2:(ncat[j] - 1))  
    43:          p[i, j, k] <- Q[i, j, k - 1] - Q[i, j, k];
   -------------------------------------------------

assignment operator <- is deprecated in the Stan language; use = instead.


Warning: deprecated language construct used in 'bones.stan', line 43, column 20:
   -------------------------------------------------
    41:        p[i, j, 1] <- 1 - Q[i, j, 1];
    42:        for (k in 2:(ncat[j] - 1))  
    43:          p[i, j, k] <- Q[i, j, k - 1] - Q[i, j, k];
                             ^
    44:        p[i, j, ncat[j]] <- Q[i, j, ncat[j] - 1];
    45:  
   -------------------------------------------------

assignment operator <- is deprecated in the Stan language; use = instead.


Warning: deprecated language construct used in 'bones.stan', line 44, column 24:
   -------------------------------------------------
    42:        for (k in 2:(ncat[j] - 1))  
    43:          p[i, j, k] <- Q[i, j, k - 1] - Q[i, j, k];
    44:        p[i, j, ncat[j]] <- Q[i, j, ncat[j] - 1];
                                 ^
    45:  
    46:        // incement log probability directly because grade[i, j]
   -------------------------------------------------

assignment operator <- is deprecated in the Stan language; use = instead.


Warning: deprecated language construct used in 'bones.stan', line 51, column 25:
   -------------------------------------------------
    49:        // contribution
    50:        if (grade[i, j] != -1)
    51:          increment_log_prob(log(p[i, j, grade[i, j]]));  
                                  ^
    52:      }
    53:    }
   -------------------------------------------------

increment_log_prob(...); is deprecated and will be removed in the future. Use target += ...; instead.

