  $ ../../../../../../../install/default/bin/stanc --auto-format hier_NB_regression.stan
functions {
  /*
  * Alternative to neg_binomial_2_log_rng() that 
  * avoids potential numerical problems during warmup
  */
  int neg_binomial_2_log_safe_rng(real eta, real phi) {
    real gamma_rate = gamma_rng(phi, phi / exp(eta));
    if (gamma_rate >= exp(20.79)) 
      return -9;
    return poisson_rng(gamma_rate);
  }
}
data {
  int<lower=1> N;
  int<lower=0> complaints[N];
  vector<lower=0>[N] traps;
  // 'exposure'
  vector[N] log_sq_foot;
  // building-level data
  int<lower=1> K;
  int<lower=1> J;
  int<lower=1, upper=J> building_idx[N];
  matrix[J, K] building_data;
}
parameters {
  real<lower=0> inv_phi;
  // 1/phi (easier to think about prior for 1/phi instead of phi)
  real beta;
  // coefficient on traps
  vector[J] mu;
  // buildings-specific intercepts
  real<lower=0> sigma_mu;
  // sd of building-specific intercepts
  real alpha;
  // intercept of model for mu
  vector[K] zeta;
  // coefficients on building-level predictors in model for mu 
}
transformed parameters {
  real phi = inv(inv_phi);
}
model {
  mu ~ normal(alpha + building_data * zeta, sigma_mu);
  sigma_mu ~ normal(0, 1);
  alpha ~ normal(log(4), 1);
  zeta ~ normal(0, 1);
  // could also use informative priors on the different elements
  beta ~ normal(-0.25, 1);
  inv_phi ~ normal(0, 1);
  complaints ~ neg_binomial_2_log(mu[building_idx] + beta * traps
                                  + log_sq_foot, phi);
}
generated quantities {
  int y_rep[N];
  for (n in 1 : N) {
    real eta_n = mu[building_idx[n]] + beta * traps[n] + log_sq_foot[n];
    y_rep[n] = neg_binomial_2_log_safe_rng(eta_n, phi);
  }
}

  $ ../../../../../../../install/default/bin/stanc --auto-format hier_NB_regression_ncp.stan
functions {
  /*
  * Alternative to neg_binomial_2_log_rng() that 
  * avoids potential numerical problems during warmup
  */
  int neg_binomial_2_log_safe_rng(real eta, real phi) {
    real gamma_rate = gamma_rng(phi, phi / exp(eta));
    if (gamma_rate >= exp(20.79)) 
      return -9;
    return poisson_rng(gamma_rate);
  }
}
data {
  int<lower=1> N;
  int<lower=0> complaints[N];
  vector<lower=0>[N] traps;
  // 'exposure'
  vector[N] log_sq_foot;
  // building-level data
  int<lower=1> K;
  int<lower=1> J;
  int<lower=1, upper=J> building_idx[N];
  matrix[J, K] building_data;
}
parameters {
  real<lower=0> inv_phi;
  // 1/phi (easier to think about prior for 1/phi instead of phi)
  real beta;
  // coefficient on traps  
  vector[J] mu_raw;
  // N(0,1) params for non-centered parameterization of building intercepts 
  real<lower=0> sigma_mu;
  // sd of building-specific intercepts
  real alpha;
  // intercept of model for mu
  vector[K] zeta;
  // coefficients on building-level predictors in model for mu 
}
transformed parameters {
  real phi = inv(inv_phi);
  // non-centered parameterization
  vector[J] mu = alpha + building_data * zeta + sigma_mu * mu_raw;
}
model {
  mu_raw ~ normal(0, 1);
  // implies mu ~ normal(alpha + building_data * zeta, sigma_mu)
  sigma_mu ~ normal(0, 1);
  alpha ~ normal(log(4), 1);
  zeta ~ normal(0, 1);
  beta ~ normal(-0.25, 1);
  inv_phi ~ normal(0, 1);
  complaints ~ neg_binomial_2_log(mu[building_idx] + beta * traps
                                  + log_sq_foot, phi);
}
generated quantities {
  int y_rep[N];
  for (n in 1 : N) {
    real eta_n = mu[building_idx[n]] + beta * traps[n] + log_sq_foot[n];
    y_rep[n] = neg_binomial_2_log_safe_rng(eta_n, phi);
  }
}

  $ ../../../../../../../install/default/bin/stanc --auto-format hier_NB_regression_ncp_slopes_mod.stan
functions {
  /*
  * Alternative to neg_binomial_2_log_rng() that 
  * avoids potential numerical problems during warmup
  */
  int neg_binomial_2_log_safe_rng(real eta, real phi) {
    real gamma_rate = gamma_rng(phi, phi / exp(eta));
    if (gamma_rate >= exp(20.79)) 
      return -9;
    return poisson_rng(gamma_rate);
  }
}
data {
  int<lower=1> N;
  int<lower=0> complaints[N];
  vector<lower=0>[N] traps;
  // 'exposure'
  vector[N] log_sq_foot;
  // building-level data
  int<lower=1> K;
  int<lower=1> J;
  int<lower=1, upper=J> building_idx[N];
  matrix[J, K] building_data;
}
parameters {
  real<lower=0> inv_phi;
  // 1/phi (easier to think about prior for 1/phi instead of phi)
  vector[J] mu_raw;
  // N(0,1) params for non-centered param of building-specific intercepts
  real<lower=0> sigma_mu;
  // sd of buildings-specific intercepts
  real alpha;
  // 'global' intercept
  vector[K] zeta;
  // coefficients on building-level predictors in model for mu
  vector[J] kappa_raw;
  // N(0,1) params for non-centered param of building-specific slopes
  real<lower=0> sigma_kappa;
  // sd of buildings-specific slopes
  real beta;
  // 'global' slope on traps variable
  vector[K] gamma;
  // coefficients on building-level predictors in model for kappa
}
transformed parameters {
  real phi = inv(inv_phi);
  // non-centered parameterization of building-specific intercepts and slopes
  vector[J] mu = alpha + building_data * zeta + sigma_mu * mu_raw;
  vector[J] kappa = beta + building_data * gamma + sigma_kappa * kappa_raw;
}
model {
  inv_phi ~ normal(0, 1);
  kappa_raw ~ normal(0, 1);
  sigma_kappa ~ normal(0, 1);
  beta ~ normal(-0.25, 1);
  gamma ~ normal(0, 1);
  mu_raw ~ normal(0, 1);
  sigma_mu ~ normal(0, 1);
  alpha ~ normal(log(4), 1);
  zeta ~ normal(0, 1);
  complaints ~ neg_binomial_2_log(mu[building_idx]
                                  + kappa[building_idx] .* traps
                                  + log_sq_foot, phi);
}
generated quantities {
  int y_rep[N];
  for (n in 1 : N) {
    real eta_n = mu[building_idx[n]] + kappa[building_idx[n]] * traps[n]
                 + log_sq_foot[n];
    y_rep[n] = neg_binomial_2_log_safe_rng(eta_n, phi);
  }
}

  $ ../../../../../../../install/default/bin/stanc --auto-format hier_NB_regression_ncp_slopes_mod_mos.stan
functions {
  /*
  * Alternative to neg_binomial_2_log_rng() that 
  * avoids potential numerical problems during warmup
  */
  int neg_binomial_2_log_safe_rng(real eta, real phi) {
    real gamma_rate = gamma_rng(phi, phi / exp(eta));
    if (gamma_rate >= exp(20.79)) 
      return -9;
    return poisson_rng(gamma_rate);
  }
}
data {
  int<lower=1> N;
  int<lower=0> complaints[N];
  vector<lower=0>[N] traps;
  // 'exposure'
  vector[N] log_sq_foot;
  // building-level data
  int<lower=1> K;
  int<lower=1> J;
  int<lower=1, upper=J> building_idx[N];
  matrix[J, K] building_data;
  // month 
  int<lower=1> M;
  int<lower=1, upper=M> mo_idx[N];
}
parameters {
  real<lower=0> inv_phi;
  // 1/phi (easier to think about prior for 1/phi instead of phi)
  vector[J] mu_raw;
  // N(0,1) params for non-centered param of building-specific intercepts
  real<lower=0> sigma_mu;
  // sd of buildings-specific intercepts
  real alpha;
  // 'global' intercept
  vector[K] zeta;
  // coefficients on building-level predictors in model for mu
  vector[J] kappa_raw;
  // N(0,1) params for non-centered param of building-specific slopes
  real<lower=0> sigma_kappa;
  // sd of buildings-specific slopes
  real beta;
  // 'global' slope on traps variable
  vector[K] gamma;
  // coefficients on building-level predictors in model for kappa
  vector[M] mo_raw;
  // N(0,1) params for non-centered param of AR(1) process
  real<lower=0> sigma_mo;
  // sd of month-specific parameters
  real<lower=0, upper=1> rho_raw;
  // used to construct AR(1) coefficient
}
transformed parameters {
  real phi = inv(inv_phi);
  // non-centered parameterization of building-specific intercepts and slopes
  vector[J] mu = alpha + building_data * zeta + sigma_mu * mu_raw;
  vector[J] kappa = beta + building_data * gamma + sigma_kappa * kappa_raw;
  // AR(1) process priors
  real rho = 2 * rho_raw - 1;
  vector[M] mo = sigma_mo * mo_raw;
  mo[1] /= sqrt(1 - rho ^ 2);
  for (m in 2 : M) {
    mo[m] += rho * mo[m - 1];
  }
}
model {
  inv_phi ~ normal(0, 1);
  kappa_raw ~ normal(0, 1);
  sigma_kappa ~ normal(0, 1);
  beta ~ normal(-0.25, 1);
  gamma ~ normal(0, 1);
  mu_raw ~ normal(0, 1);
  sigma_mu ~ normal(0, 1);
  alpha ~ normal(log(4), 1);
  zeta ~ normal(0, 1);
  mo_raw ~ normal(0, 1);
  sigma_mo ~ normal(0, 1);
  rho_raw ~ beta(10, 5);
  complaints ~ neg_binomial_2_log(mu[building_idx]
                                  + kappa[building_idx] .* traps + mo[mo_idx]
                                  + log_sq_foot, phi);
}
generated quantities {
  int y_rep[N];
  for (n in 1 : N) {
    real eta_n = mu[building_idx[n]] + kappa[building_idx[n]] * traps[n]
                 + mo[mo_idx[n]] + log_sq_foot[n];
    y_rep[n] = neg_binomial_2_log_safe_rng(eta_n, phi);
  }
}

  $ ../../../../../../../install/default/bin/stanc --auto-format hier_NB_regression_ncp_slopes_mod_mos_gp.stan
functions {
  int neg_binomial_2_log_safe_rng(real eta, real phi) {
    real phi_div_exp_eta;
    real gamma_rate;
    phi_div_exp_eta = phi / exp(eta);
    gamma_rate = gamma_rng(phi, phi_div_exp_eta);
    if (gamma_rate >= exp(20.79)) 
      return -9;
    return poisson_rng(gamma_rate);
  }
}
data {
  int<lower=1> N;
  int<lower=1> M;
  int<lower=1> K;
  int complaints[N];
  vector[N] traps;
  int<lower=1> J;
  int<lower=1, upper=J> building_idx[N];
  matrix[J, K] building_data;
  vector[N] log_sq_foot;
  int<lower=1> mo_idx[N];
}
transformed data {
  real mo_gp_vec[M];
  for (m in 1 : M) 
    mo_gp_vec[m] = m;
}
parameters {
  real alpha;
  real<lower=0> sigma_mu;
  real<lower=0> sigma_kappa;
  vector[J] mu_raw;
  vector[J] kappa_raw;
  real beta;
  real<lower=0> inv_phi;
  vector[K] zeta;
  vector[K] gamma;
  // GP prior parameters
  vector[M] gp_raw;
  real<lower=0> gp_len;
  real<lower=0> sigma_gp;
  real<lower=0> sigma_noise;
  vector[M] mo_noise_raw;
}
transformed parameters {
  vector[J] mu = alpha + building_data * zeta + sigma_mu * mu_raw;
  vector[J] kappa = beta + building_data * gamma + sigma_kappa * kappa_raw;
  vector[M] mo_noise = sigma_noise * mo_noise_raw;
  real phi = inv(inv_phi);
  vector[M] gp_exp_quad;
  vector[M] gp;
  {
    matrix[M, M] C = cov_exp_quad(mo_gp_vec, sigma_gp, gp_len);
    real var_noise = square(sigma_noise);
    matrix[M, M] L_C;
    for (m in 1 : M) 
      C[m, m] += 1e-12;
    L_C = cholesky_decompose(C);
    gp_exp_quad = L_C * gp_raw;
  }
  // gp is sum of monthly noise and the smoothly varying process
  gp = mo_noise + gp_exp_quad;
}
model {
  beta ~ normal(-0.25, 1);
  mu_raw ~ normal(0, 1);
  kappa_raw ~ normal(0, 1);
  sigma_mu ~ normal(0, 1);
  sigma_kappa ~ normal(0, 1);
  alpha ~ normal(log(4), 1);
  zeta ~ normal(0, 1);
  gamma ~ normal(0, 1);
  inv_phi ~ normal(0, 1);
  // GP priors
  gp_raw ~ normal(0, 1);
  gp_len ~ gamma(10, 2);
  sigma_gp ~ normal(0, 1);
  sigma_noise ~ normal(0, 1);
  mo_noise_raw ~ normal(0, 1);
  complaints ~ neg_binomial_2_log(mu[building_idx]
                                  + kappa[building_idx] .* traps + gp[mo_idx]
                                  + log_sq_foot, phi);
}
generated quantities {
  int y_rep[N];
  for (n in 1 : N) 
    y_rep[n] = neg_binomial_2_log_safe_rng(mu[building_idx[n]]
                                           + kappa[building_idx[n]]
                                             * traps[n]
                                           + gp[mo_idx[n]] + log_sq_foot[n],
                                           phi);
}

  $ ../../../../../../../install/default/bin/stanc --auto-format hier_NB_regression_ncp_slopes_mod_mos_predict.stan
functions {
  /*
  * Alternative to neg_binomial_2_log_rng() that 
  * avoids potential numerical problems during warmup
  */
  int neg_binomial_2_log_safe_rng(real eta, real phi) {
    real gamma_rate = gamma_rng(phi, phi / exp(eta));
    if (gamma_rate >= exp(20.79)) 
      return -9;
    return poisson_rng(gamma_rate);
  }
}
data {
  int<lower=1> N;
  int<lower=0> complaints[N];
  vector<lower=0>[N] traps;
  // 'exposure'
  vector[N] log_sq_foot;
  // building-level data
  int<lower=1> K;
  int<lower=1> J;
  int<lower=1, upper=J> building_idx[N];
  matrix[J, K] building_data;
  // month 
  int<lower=1> M;
  int<lower=1, upper=M> mo_idx[N];
  // for use in generated quantities
  int<lower=1> M_forward;
  vector[J] log_sq_foot_pred;
}
transformed data {
  // We'll make predictions for 0, 1, 2, ..., 20 traps (can go further too)
  int N_hypo_traps = 21;
  int hypo_traps[N_hypo_traps];
  for (i in 1 : N_hypo_traps) 
    hypo_traps[i] = i - 1;
}
parameters {
  real<lower=0> inv_phi;
  // 1/phi (easier to think about prior for 1/phi instead of phi)
  vector[J] mu_raw;
  // N(0,1) params for non-centered param of building-specific intercepts
  real<lower=0> sigma_mu;
  // sd of buildings-specific intercepts
  real alpha;
  // 'global' intercept
  vector[K] zeta;
  // coefficients on building-level predictors in model for mu
  vector[J] kappa_raw;
  // N(0,1) params for non-centered param of building-specific slopes
  real<lower=0> sigma_kappa;
  // sd of buildings-specific slopes
  real beta;
  // 'global' slope on traps variable
  vector[K] gamma;
  // coefficients on building-level predictors in model for kappa
  vector[M] mo_raw;
  // N(0,1) params for non-centered param of AR(1) process
  real<lower=0> sigma_mo;
  // sd of month-specific parameters
  real<lower=0, upper=1> rho_raw;
  // used to construct AR(1) coefficient
}
transformed parameters {
  real phi = inv(inv_phi);
  // non-centered parameterization of building-specific intercepts and slopes
  vector[J] mu = alpha + building_data * zeta + sigma_mu * mu_raw;
  vector[J] kappa = beta + building_data * gamma + sigma_kappa * kappa_raw;
  // AR(1) process priors
  real rho = 2 * rho_raw - 1;
  vector[M] mo = sigma_mo * mo_raw;
  mo[1] /= sqrt(1 - rho ^ 2);
  for (m in 2 : M) {
    mo[m] += rho * mo[m - 1];
  }
}
model {
  inv_phi ~ normal(0, 1);
  kappa_raw ~ normal(0, 1);
  sigma_kappa ~ normal(0, 1);
  beta ~ normal(-0.25, 1);
  gamma ~ normal(0, 1);
  mu_raw ~ normal(0, 1);
  sigma_mu ~ normal(0, 1);
  alpha ~ normal(log(4), 1);
  zeta ~ normal(0, 1);
  mo_raw ~ normal(0, 1);
  sigma_mo ~ normal(0, 1);
  rho_raw ~ beta(10, 5);
  {
    // within a local block we can declare new temporary variables  
    vector[N] eta = mu[building_idx] + kappa[building_idx] .* traps
                    + mo[mo_idx] + log_sq_foot;
    complaints ~ neg_binomial_2_log(eta, phi);
    /* 
    alternatively we can use a 'target +=' statement, which is equivalent to 
    above except that using '~' drops constants that don't affect inferences:
    target += neg_binomial_2_log_lpmf(complaints | eta, phi);
    */
  }
}
generated quantities {
  // we'll predict number of complaints and revenue lost for each building
  // at each hypothetical number of traps for M_forward months in the future
  int y_pred[J, N_hypo_traps];
  matrix[J, N_hypo_traps] rev_pred;
  for (j in 1 : J) {
    for (i in 1 : N_hypo_traps) {
      int y_pred_by_month[M_forward];
      vector[M_forward] mo_forward;
      mo_forward[1] = normal_rng(rho * mo[M], sigma_mo);
      for (m in 2 : M_forward) 
        mo_forward[m] = normal_rng(rho * mo_forward[m - 1], sigma_mo);
      for (m in 1 : M_forward) {
        real eta = mu[j] + kappa[j] * hypo_traps[i] + mo_forward[m]
                   + log_sq_foot_pred[j];
        y_pred_by_month[m] = neg_binomial_2_log_safe_rng(eta, phi);
      }
      y_pred[j, i] = sum(y_pred_by_month);
      // were were told every 10 complaints has additional exterminator cost of $100, 
      // so $10 lose per complaint.
      rev_pred[j, i] = -10 * y_pred[j, i];
    }
  }
}

  $ ../../../../../../../install/default/bin/stanc --auto-format hier_NB_regression_ncp_slopes_mod_resid.stan
functions {
  int neg_binomial_2_log_safe_rng(real eta, real phi) {
    real phi_div_exp_eta;
    real gamma_rate;
    phi_div_exp_eta = phi / exp(eta);
    gamma_rate = gamma_rng(phi, phi_div_exp_eta);
    if (gamma_rate >= exp(20.79)) 
      return -9;
    return poisson_rng(gamma_rate);
  }
}
data {
  int<lower=1> N;
  int<lower=1> K;
  int complaints[N];
  vector[N] traps;
  int<lower=1> J;
  int<lower=1, upper=J> building_idx[N];
  matrix[J, K] building_data;
  vector[N] log_sq_foot;
  int mo_idx[N];
  int M;
}
parameters {
  real alpha;
  real<lower=0> sigma_alpha;
  real<lower=0> sigma_beta;
  vector[J] std_alphas;
  vector[J] std_betas;
  real beta;
  real<lower=0> inv_prec;
  vector[K] zeta;
  vector[K] gamma;
}
transformed parameters {
  vector[J] alphas = alpha + building_data * zeta + sigma_alpha * std_alphas;
  vector[J] betas = beta + building_data * gamma + sigma_beta * std_betas;
  real prec = inv(inv_prec);
}
model {
  beta ~ normal(0, 1);
  std_alphas ~ normal(0, 1);
  std_betas ~ normal(0, 1);
  sigma_alpha ~ normal(0, 1);
  sigma_beta ~ normal(0, 1);
  alpha ~ normal(log(4), 1);
  zeta ~ normal(0, 1);
  gamma ~ normal(0, 1);
  inv_prec ~ normal(0, 1);
  complaints ~ neg_binomial_2_log(alphas[building_idx]
                                  + betas[building_idx] .* traps
                                  + log_sq_foot, prec);
}
generated quantities {
  int y_rep[N];
  vector[N] std_resid;
  vector[M] mo_resid = rep_vector(0, M);
  for (n in 1 : N) {
    real eta = alphas[building_idx[n]] + betas[building_idx[n]] * traps[n]
               + log_sq_foot[n];
    y_rep[n] = neg_binomial_2_log_safe_rng(eta, prec);
    std_resid[n] = (y_rep[n] - eta)
                   / sqrt(exp(eta) + exp(eta) ^ 2 * inv_prec);
    mo_resid[mo_idx[n]] = mo_resid[mo_idx[n]] + std_resid[n];
  }
  for (m in 1 : M) {
    mo_resid[m] = mo_resid[m] / 10;
  }
}

  $ ../../../../../../../install/default/bin/stanc --auto-format multiple_NB_regression.stan
functions {
  /*
  * Alternative to neg_binomial_2_log_rng() that 
  * avoids potential numerical problems during warmup
  */
  int neg_binomial_2_log_safe_rng(real eta, real phi) {
    real gamma_rate = gamma_rng(phi, phi / exp(eta));
    if (gamma_rate >= exp(20.79)) 
      return -9;
    return poisson_rng(gamma_rate);
  }
}
data {
  int<lower=1> N;
  vector<lower=0>[N] traps;
  vector<lower=0, upper=1>[N] live_in_super;
  vector[N] log_sq_foot;
  int<lower=0> complaints[N];
}
parameters {
  real alpha;
  real beta;
  real beta_super;
  real<lower=0> inv_phi;
}
transformed parameters {
  real phi = inv(inv_phi);
}
model {
  alpha ~ normal(log(4), 1);
  beta ~ normal(-0.25, 1);
  beta_super ~ normal(-0.5, 1);
  inv_phi ~ normal(0, 1);
  complaints ~ neg_binomial_2_log(alpha + beta * traps
                                  + beta_super * live_in_super + log_sq_foot,
                                  phi);
}
generated quantities {
  int y_rep[N];
  for (n in 1 : N) 
    y_rep[n] = neg_binomial_2_log_safe_rng(alpha + beta * traps[n]
                                           + beta_super * live_in_super[n]
                                           + log_sq_foot[n], phi);
}

  $ ../../../../../../../install/default/bin/stanc --auto-format multiple_NB_regression_dgp.stan
data {
  int<lower=1> N;
}
model {

}
generated quantities {
  vector[N] log_sq_foot;
  int live_in_super[N];
  int traps[N];
  int complaints[N];
  real alpha = normal_rng(log(4), 0.1);
  real beta = normal_rng(-0.25, 0.1);
  real beta_super = normal_rng(-0.5, 0.1);
  real inv_phi = fabs(normal_rng(0, 1));
  for (n in 1 : N) {
    log_sq_foot[n] = normal_rng(1.5, 0.1);
    live_in_super[n] = bernoulli_rng(0.5);
    traps[n] = poisson_rng(8);
    complaints[n] = neg_binomial_2_log_rng(alpha + log_sq_foot[n]
                                           + beta * traps[n]
                                           + beta_super * live_in_super[n],
                                           inv(inv_phi));
  }
}

  $ ../../../../../../../install/default/bin/stanc --auto-format multiple_poisson_regression.stan
functions {
  /*
  * Alternative to poisson_log_rng() that 
  * avoids potential numerical problems during warmup
  */
  int poisson_log_safe_rng(real eta) {
    real pois_rate = exp(eta);
    if (pois_rate >= exp(20.79)) 
      return -9;
    return poisson_rng(pois_rate);
  }
}
data {
  int<lower=1> N;
  int<lower=0> complaints[N];
  vector<lower=0>[N] traps;
  vector<lower=0, upper=1>[N] live_in_super;
  vector[N] log_sq_foot;
  // exposure term
}
parameters {
  real alpha;
  real beta;
  real beta_super;
}
model {
  beta ~ normal(-0.25, 1);
  beta_super ~ normal(-0.5, 1);
  alpha ~ normal(log(4), 1);
  complaints ~ poisson_log(alpha + beta * traps + beta_super * live_in_super
                           + log_sq_foot);
}
generated quantities {
  int y_rep[N];
  for (n in 1 : N) 
    y_rep[n] = poisson_log_safe_rng(alpha + beta * traps[n]
                                    + beta_super * live_in_super[n]
                                    + log_sq_foot[n]);
}

  $ ../../../../../../../install/default/bin/stanc --auto-format multiple_poisson_regression_dgp.stan
data {
  int<lower=1> N;
}
model {

}
generated quantities {
  vector[N] log_sq_foot;
  int live_in_super[N];
  int traps[N];
  int complaints[N];
  real alpha = normal_rng(log(4), 0.1);
  real beta = normal_rng(-0.25, 0.1);
  real beta_super = normal_rng(-0.5, 0.1);
  for (n in 1 : N) {
    log_sq_foot[n] = normal_rng(1.5, 0.1);
    live_in_super[n] = bernoulli_rng(0.5);
    traps[n] = poisson_rng(8);
    complaints[n] = poisson_log_rng(alpha + log_sq_foot[n] + beta * traps[n]
                                    + beta_super * live_in_super[n]);
  }
}

  $ ../../../../../../../install/default/bin/stanc --auto-format simple_poisson_regression.stan
functions {
  /*
  * Alternative to poisson_log_rng() that 
  * avoids potential numerical problems during warmup
  */
  int poisson_log_safe_rng(real eta) {
    real pois_rate = exp(eta);
    if (pois_rate >= exp(20.79)) 
      return -9;
    return poisson_rng(pois_rate);
  }
}
data {
  int<lower=1> N;
  int<lower=0> complaints[N];
  vector<lower=0>[N] traps;
}
parameters {
  real alpha;
  real beta;
}
model {
  // weakly informative priors:
  // we expect negative slope on traps and a positive intercept,
  // but we will allow ourselves to be wrong
  beta ~ normal(-0.25, 1);
  alpha ~ normal(log(4), 1);
  // poisson_log(eta) is more efficient and stable alternative to poisson(exp(eta))
  complaints ~ poisson_log(alpha + beta * traps);
}
generated quantities {
  int y_rep[N];
  for (n in 1 : N) 
    y_rep[n] = poisson_log_safe_rng(alpha + beta * traps[n]);
}

  $ ../../../../../../../install/default/bin/stanc --auto-format simple_poisson_regression_dgp.stan
data {
  int<lower=1> N;
  real<lower=0> mean_traps;
}
model {

}
generated quantities {
  int traps[N];
  int complaints[N];
  real alpha = normal_rng(log(4), 0.1);
  real beta = normal_rng(-0.25, 0.1);
  for (n in 1 : N) {
    traps[n] = poisson_rng(mean_traps);
    complaints[n] = poisson_log_rng(alpha + beta * traps[n]);
  }
}

