  $ ../../../../../../install/default/bin/stanc --auto-format bernoulli-bandits-conjugate.stan
/**
*
* Same model as bernoulli-bandits.stan with sufficient stats rather
* than Bernoulli.
*/
data {
  int<lower=1> K;
  // num arms
  int<lower=0> N;
  // num trials
  int<lower=1, upper=K> z[N];
  // arm on trial n
  int<lower=0, upper=1> y[N];
  // reward on trial n
}
transformed data {
  int<lower=0> successes[K] = rep_array(0, K);
  int<lower=0> trials[K] = rep_array(0, K);
  for (n in 1 : N) {
    trials[z[n]] += 1;
    successes[z[n]] += y[n];
  }
}
generated quantities {
  simplex[K] is_best;
  vector<lower=0, upper=1>[K] theta;
  for (k in 1 : K) 
    theta[k] = beta_rng(1 + successes[k], 1 + trials[k] - successes[k]);
  {
    real best_prob = max(theta);
    for (k in 1 : K) 
      is_best[k] = (theta[k] >= best_prob);
    is_best /= sum(is_best);
    // uniform for ties
  }
}

  $ ../../../../../../install/default/bin/stanc --auto-format bernoulli-bandits-sufficient.stan
/**
*
* Same model as bernoulli-bandits.stan with sufficient stats rather
* than Bernoulli.
*/
data {
  int<lower=1> K;
  // num arms
  int<lower=0> N;
  // num trials
  int<lower=1, upper=K> z[N];
  // arm on trial n
  int<lower=0, upper=1> y[N];
  // reward on trial n
}
transformed data {
  int<lower=0> successes[2] = rep_array(0, K);
  int<lower=0> trials[2] = rep_array(0, K);
  for (n in 1 : N) {
    trials[z[n]] += 1;
    successes[z[n]] += y[n];
  }
}
parameters {
  vector<lower=0, upper=1>[K] theta;
  // arm return prob
}
model {
  successes ~ binomial(trials, theta);
}
generated quantities {
  simplex[K] is_best;
  // uniform over max
  {
    real best_prob = max(theta);
    for (k in 1 : K) 
      is_best[k] = (theta[k] >= best_prob);
    is_best /= sum(is_best);
    // uniform for ties
  }
}

  $ ../../../../../../install/default/bin/stanc --auto-format bernoulli-bandits.stan
/**
* Straightforward Bernoulli formulation.
*/
data {
  int<lower=1> K;
  // num arms
  int<lower=0> N;
  // num trials
  int<lower=1, upper=K> z[N];
  // arm on trial n
  int<lower=0, upper=1> y[N];
  // reward on trial n
}
parameters {
  vector<lower=0, upper=1>[K] theta;
  // arm return prob
}
model {
  y ~ bernoulli(theta[z]);
  // i.i.d. by arm
}
generated quantities {
  simplex[K] is_best;
  // one hot or uniform with ties
  {
    real best_prob = max(theta);
    for (k in 1 : K) 
      is_best[k] = (theta[k] >= best_prob);
    is_best /= sum(is_best);
    // uniform for ties
  }
}

